13:55:21 **** Clean-only build of configuration Nios II for project DOAN_SOC ****
make clean 
[DOAN_SOC clean complete]
13:55:59 **** Build of configuration Nios II for project DOAN_SOC ****
make all 
Info: Building ../DOAN_SOC_bsp/
C:/intelFPGA_lite/18.1/nios2eds/bin/gnu/H-x86_64-mingw32/bin/make --no-print-directory -C ../DOAN_SOC_bsp/
[BSP build complete]
Info: Compiling source.c to obj/default/source.o
nios2-elf-gcc -xc -MP -MMD -c -I../DOAN_SOC_bsp//HAL/inc -I../DOAN_SOC_bsp/ -I../DOAN_SOC_bsp//drivers/inc  -pipe -D__hal__ -DALT_NO_INSTRUCTION_EMULATION -DALT_USE_SMALL_DRIVERS -DSMALL_C_LIB -DALT_SINGLE_THREADED    -O0 -g -Wall   -mno-hw-div -mno-hw-mul -mno-hw-mulx -mgpopt=global  -o obj/default/source.o source.c
source.c: In function 'main':
source.c:102:13: warning: unused variable 'r_ohm_nguyen' [-Wunused-variable]
         int r_ohm_nguyen = (int)Rt;
             ^
Info: Linking DOAN_SOC.elf
nios2-elf-g++  -T'../DOAN_SOC_bsp//linker.x' -msys-crt0='../DOAN_SOC_bsp//obj/HAL/src/crt0.o' -msys-lib=hal_bsp -L../DOAN_SOC_bsp/  -msmallc  -Wl,-Map=DOAN_SOC.map   -O0 -g -Wall   -mno-hw-div -mno-hw-mul -mno-hw-mulx -mgpopt=global  -o DOAN_SOC.elf obj/default/source.o -lm -msys-lib=m
nios2-elf-insert DOAN_SOC.elf --thread_model hal --cpu_name nios2_gen2_0 --qsys true --simulation_enabled false --stderr_dev jtag_uart_0 --stdin_dev jtag_uart_0 --stdout_dev jtag_uart_0 --sopc_system_name system --quartus_project_dir "D:/DOAN_SOC" --jdi ../..//output_files/DOAN_SOC.jdi --sopcinfo D:/DOAN_SOC/software/DOAN_SOC_bsp/../../system.sopcinfo
Info: (DOAN_SOC.elf) 14 KBytes program size (code + initialized data).
Info:                16 KBytes free for stack + heap.
Info: Creating DOAN_SOC.objdump
nios2-elf-objdump --disassemble --syms --all-header --source DOAN_SOC.elf >DOAN_SOC.objdump
[DOAN_SOC build complete]
13:56:02 **** Incremental Build of configuration Nios II for project DOAN_SOC ****
make all 
Info: Building ../DOAN_SOC_bsp/
C:/intelFPGA_lite/18.1/nios2eds/bin/gnu/H-x86_64-mingw32/bin/make --no-print-directory -C ../DOAN_SOC_bsp/
[BSP build complete]
[DOAN_SOC build complete]
14:23:18 **** Build of configuration Nios II for project DOAN_SOC ****
make all 
Info: Building ../DOAN_SOC_bsp/
C:/intelFPGA_lite/18.1/nios2eds/bin/gnu/H-x86_64-mingw32/bin/make --no-print-directory -C ../DOAN_SOC_bsp/
[BSP build complete]
[DOAN_SOC build complete]
14:23:20 **** Incremental Build of configuration Nios II for project DOAN_SOC ****
make all 
Info: Building ../DOAN_SOC_bsp/
C:/intelFPGA_lite/18.1/nios2eds/bin/gnu/H-x86_64-mingw32/bin/make --no-print-directory -C ../DOAN_SOC_bsp/
[BSP build complete]
[DOAN_SOC build complete]
14:37:45 **** Build of configuration Nios II for project DOAN_SOC ****
make all 
Info: Building ../DOAN_SOC_bsp/
C:/intelFPGA_lite/18.1/nios2eds/bin/gnu/H-x86_64-mingw32/bin/make --no-print-directory -C ../DOAN_SOC_bsp/
[BSP build complete]
[DOAN_SOC build complete]
14:37:47 **** Incremental Build of configuration Nios II for project DOAN_SOC ****
make all 
Info: Building ../DOAN_SOC_bsp/
C:/intelFPGA_lite/18.1/nios2eds/bin/gnu/H-x86_64-mingw32/bin/make --no-print-directory -C ../DOAN_SOC_bsp/
[BSP build complete]
[DOAN_SOC build complete]
14:40:21 **** Build of configuration Nios II for project DOAN_SOC ****
make all 
Info: Building ../DOAN_SOC_bsp/
C:/intelFPGA_lite/18.1/nios2eds/bin/gnu/H-x86_64-mingw32/bin/make --no-print-directory -C ../DOAN_SOC_bsp/
[BSP build complete]
[DOAN_SOC build complete]
14:40:23 **** Incremental Build of configuration Nios II for project DOAN_SOC ****
make all 
Info: Building ../DOAN_SOC_bsp/
C:/intelFPGA_lite/18.1/nios2eds/bin/gnu/H-x86_64-mingw32/bin/make --no-print-directory -C ../DOAN_SOC_bsp/
[BSP build complete]
[DOAN_SOC build complete]
